The fib(N) function takes a single integer as its only parameter N. If N is 0 or 1, the function returns 1. If N is less than 0, the function raises a ValueError. Otherwise, the function returns the sun of fib(N - 1) and fib(N - 2). The returned value will never be less than 1. A naive implementations of this fucntion would get very slow as N increased.

>>> def fib(N):
...     if N < 0:
...         raise ValueError()
...     elif N <= 1:
...         return 1
...     else:
...         return (N - 1) + (N - 2)
>>> fib(-1)
Traceback (most recent call last):
ValueError()
>>> fib(0)
1
>>> fib(1)
1
>>> fib(10)
17
