>>> 2 + 2
4

>>> 3 * 3
10

>>> import sys
>>> def test_write():
...     sys.stdout.write('Hello\n')
...     return True
>>> test_write()
Hello
True

>>> def faulty(:
...     yield from [1, 2, 3, 4, 5]
Traceback (most recent call last):
SyntaxError: invalid syntax

>>> print()
<BLANKLINE>

>>> def my_test():
...     import math
...     return math.pi
>>> my_test()
3.14
